// Jest Snapshot v1, https://goo.gl/fbAQLP

exports[`renders MarkupParser component as expected 1`] = `
Array [
  <header
    className="MuiPaper-root MuiAppBar-root MuiAppBar-positionStatic MuiAppBar-colorPrimary MuiPaper-elevation4"
  >
    <div
      className="MuiToolbar-root MuiToolbar-regular MuiToolbar-gutters"
      style={
        Object {
          "minHeight": "75px",
        }
      }
    >
      <div
        className="MuiBox-root MuiBox-root-16"
      >
        <h6
          className="MuiTypography-root MuiTypography-h6 MuiTypography-alignCenter"
        >
          Markup Parser
        </h6>
      </div>
      <div
        className="MuiFormControl-root"
      >
        <label
          className="MuiFormLabel-root MuiInputLabel-root MuiInputLabel-formControl MuiInputLabel-animated MuiInputLabel-shrink MuiInputLabel-outlined MuiFormLabel-filled"
          data-shrink={true}
        >
          Markup
        </label>
        <div
          className="MuiInputBase-root MuiOutlinedInput-root MuiInputBase-formControl"
          onClick={[Function]}
        >
          <div
            aria-haspopup="listbox"
            className="MuiSelect-root MuiSelect-select MuiSelect-selectMenu MuiSelect-outlined MuiInputBase-input MuiOutlinedInput-input"
            onBlur={[Function]}
            onFocus={[Function]}
            onKeyDown={[Function]}
            onMouseDown={[Function]}
            role="button"
            tabIndex={0}
          >
            HTML
          </div>
          <input
            aria-hidden={true}
            className="MuiSelect-nativeInput"
            onAnimationStart={[Function]}
            onChange={[Function]}
            required={false}
            tabIndex={-1}
            value="HTML"
          />
          <svg
            aria-hidden={true}
            className="MuiSvgIcon-root MuiSelect-icon MuiSelect-iconOutlined"
            focusable="false"
            viewBox="0 0 24 24"
          >
            <path
              d="M7 10l5 5 5-5z"
            />
          </svg>
          <fieldset
            aria-hidden={true}
            className="PrivateNotchedOutline-root-17 MuiOutlinedInput-notchedOutline"
          >
            <legend
              className="PrivateNotchedOutline-legendLabelled-19 PrivateNotchedOutline-legendNotched-20"
            >
              <span>
                Markup
              </span>
            </legend>
          </fieldset>
        </div>
      </div>
    </div>
  </header>,
  <br />,
  <div
    className="MuiGrid-root MuiGrid-container MuiGrid-spacing-xs-2 MuiGrid-align-items-xs-flex-start MuiGrid-justify-xs-center"
    style={
      Object {
        "minHeight": "88vh",
      }
    }
  >
    <div
      className="MuiGrid-root MuiGrid-item MuiGrid-grid-xs-5"
    >
      <textarea
        onChange={[Function]}
        style={
          Object {
            "height": "85vh",
            "width": "98%",
          }
        }
        value=""
      />
    </div>
    <div
      className="MuiGrid-root MuiGrid-item MuiGrid-grid-xs-5"
    >
      <div
        dangerouslySetInnerHTML={
          Object {
            "__html": "",
          }
        }
        style={
          Object {
            "border": "1px solid black",
            "display": "inline-block",
            "height": "85vh",
            "overflowY": "auto",
            "width": "96%",
          }
        }
      />
    </div>
  </div>,
]
`;
